[www.yoodo.com.my/index.html]
[backblue.gif]
[fade.gif]
[index.html]
[www.yoodo.com.my/wp-content/themes/yoodo/assets/css/global7b30.css]
[www.yoodo.com.my/wp-content/themes/yoodo/assets/css/app7b30.css]
[www.yoodo.com.my/index05f3.html]
[www.yoodo.com.my/index1c49.html]
[www.yoodo.com.my/index99dc.html]
[www.yoodo.com.my/wp-json/wp/v2/pages/32221.html]
[www.yoodo.com.my/wp-json/index.html]
[www.yoodo.com.my/amp/index.html]
[www.yoodo.com.my/wp-json/oembed/1.0/embede719]
[www.yoodo.com.my/wp-json/oembed/1.0/embedba87]
[www.yoodo.com.my/wp-content/uploads/2024/08/cropped-logo-square-32x32.png]
[www.yoodo.com.my/wp-content/uploads/2024/08/cropped-logo-square-192x192.png]
[www.yoodo.com.my/wp-content/uploads/2024/08/cropped-logo-square-180x180.png]
[www.yoodo.com.my/wp-content/uploads/2024/08/home-banner-en-desktop-jpge839.webp]
[www.yoodo.com.my/blog/index.html]
[www.yoodo.com.my/hc/change_language/msa8eb]
[www.yoodo.com.my/wp-content/uploads/2024/08/logo.png]
[www.yoodo.com.my/rates/index.html]
[www.yoodo.com.my/5g/index.html]
[www.yoodo.com.my/unlimited/index.html]
[www.yoodo.com.my/high-speed/index.html]
[www.yoodo.com.my/add-ons/index.html]
[www.yoodo.com.my/boosters/index.html]
[www.yoodo.com.my/roaming/index.html]
[www.yoodo.com.my/power-pass/index.html]
[www.yoodo.com.my/volte-vowifi/index.html]
[www.yoodo.com.my/why-yoodo/index.html]
[www.yoodo.com.my/points/index.html]
[www.yoodo.com.my/20for20/index.html]
[www.yoodo.com.my/rewards/index.html]
[www.yoodo.com.my/hc/en-us]
[www.yoodo.com.my/hc/en-us/signin8844]
[www.yoodo.com.my/wp-content/plugins/a3-lazy-load/assets/images/lazy_placeholder.gif]
[www.yoodo.com.my/wp-content/uploads/2023/03/illust-300x248.png]
[www.yoodo.com.my/wp-content/uploads/2023/03/illust-1.png]
[www.yoodo.com.my/wp-content/uploads/2023/03/illust-2.png]
[www.yoodo.com.my/wp-content/uploads/2023/07/yoodo_awards_mbor-banner.png]
[www.yoodo.com.my/wp-content/themes/yoodo/assets/img/yoodo-web-sliders_data.png]
[www.yoodo.com.my/wp-content/themes/yoodo/assets/img/yoodo-web-sliders_hotspot.png]
[www.yoodo.com.my/wp-content/themes/yoodo/assets/img/yoodo-web-sliders_voice.png]
[www.yoodo.com.my/wp-content/themes/yoodo/assets/img/yoodo-web-sliders_sms.png]
[www.yoodo.com.my/wp-content/themes/yoodo/assets/img/hot-selling/EN/5.png]
[www.yoodo.com.my/wp-content/themes/yoodo/assets/img/hot-selling/EN/6.png]
[www.yoodo.com.my/wp-content/themes/yoodo/assets/img/tiktok.png]
[www.yoodo.com.my/wp-content/themes/yoodo/assets/img/facebook77ae.png]
[www.yoodo.com.my/wp-content/themes/yoodo/assets/img/whatsapp77ae.png]
[www.yoodo.com.my/wp-content/themes/yoodo/assets/img/instagram77ae.png]
[www.yoodo.com.my/wp-content/themes/yoodo/assets/img/telegram5e1f.png]
[www.yoodo.com.my/wp-content/themes/yoodo/assets/img/twitter77ae.png]
[www.yoodo.com.my/wp-content/themes/yoodo/assets/img/wechat5e1f.png]
[www.yoodo.com.my/wp-content/themes/yoodo/assets/img/signal5e1f.png]
[www.yoodo.com.my/wp-content/themes/yoodo/assets/img/pubg77ae.png]
[www.yoodo.com.my/wp-content/themes/yoodo/assets/img/mlbb.png]
[www.yoodo.com.my/wp-content/themes/yoodo/assets/img/codm.png]
[www.yoodo.com.my/wp-content/themes/yoodo/assets/img/pokemon5e1f.png]
[www.yoodo.com.my/wp-content/themes/yoodo/assets/img/aov77ae.png]
[www.yoodo.com.my/wp-content/themes/yoodo/assets/img/spotify.png]
[www.yoodo.com.my/wp-content/themes/yoodo/assets/img/joox.png]
[www.yoodo.com.my/wp-content/themes/yoodo/assets/img/youtube77ae.png]
[www.yoodo.com.my/wp-content/themes/yoodo/assets/img/netflix77ae.png]
[www.yoodo.com.my/wp-content/themes/yoodo/assets/img/astrogo.png]
[www.yoodo.com.my/wp-content/themes/yoodo/assets/img/viu.png]
[www.yoodo.com.my/wp-content/themes/yoodo/assets/img/twitch5e1f.png]
[www.yoodo.com.my/wp-content/themes/yoodo/assets/img/iQIYI5e1f.png]
[www.yoodo.com.my/wp-content/themes/yoodo/assets/img/iflix77ae.png]
[www.yoodo.com.my/wp-content/themes/yoodo/assets/img/boost.png]
[www.yoodo.com.my/wp-content/themes/yoodo/assets/img/microsoft-teams.png]
[www.yoodo.com.my/wp-content/themes/yoodo/assets/img/zoom.png]
[www.yoodo.com.my/wp-content/themes/yoodo/assets/img/google-meet.png]
[www.yoodo.com.my/wp-content/themes/yoodo/assets/img/svg/review-star.svg]
[www.yoodo.com.my/wp-content/themes/yoodo/assets/img/svg/hand-sos.svg]
[www.yoodo.com.my/whats-new/index.html]
[www.yoodo.com.my/blog/top-5-netflix-shows-you-must-watch-in-december-2023/index.html]
[www.yoodo.com.my/blog/the-top-5-netflix-shows-you-cant-miss-in-november-2023/index.html]
[www.yoodo.com.my/blog/5-things-to-know-when-buying-a-pre-loved-smart-device/index.html]
[www.yoodo.com.my/important-news-en/index.html]
[www.yoodo.com.my/wp-content/themes/yoodo/assets/img/svg/facebook-icon.svg]
[www.yoodo.com.my/contact-us/index.html]
[www.yoodo.com.my/careers/index.html]
[www.yoodo.com.my/about-us/index.html]
[www.yoodo.com.my/wp-content/themes/yoodo/assets/img/svg/instagram-icon.svg]
[www.yoodo.com.my/wp-content/themes/yoodo/assets/img/svg/twitter-icon.svg]
[www.yoodo.com.my/wp-content/themes/yoodo/assets/img/svg/youtube-icon.svg]
[www.yoodo.com.my/wp-content/themes/yoodo/assets/img/svg/tiktok-icon.svg]
[www.yoodo.com.my/wp-content/themes/yoodo/assets/img/svg/ticket-red.svg]
[www.yoodo.com.my/wp-content/themes/yoodo/assets/img/svg/ticket.svg]
[www.yoodo.com.my/wp-content/themes/yoodo/assets/img/svg/network-red.svg]
[www.yoodo.com.my/wp-content/themes/yoodo/assets/img/svg/network.svg]
[www.yoodo.com.my/wp-content/plugins/contact-form-7/includes/swv/js/indexf658.js]
[www.yoodo.com.my/privacy-policy/index.html]
[www.yoodo.com.my/terms-and-conditions/index.html]
[www.yoodo.com.my/wp-content/plugins/contact-form-7/includes/js/indexf658.js]
[www.yoodo.com.my/wp-content/themes/yoodo/assets/js/globaldead.js]
[www.yoodo.com.my/wp-content/themes/yoodo/assets/js/appdead.js]
[www.yoodo.com.my/wp-content/plugins/a3-lazy-load/assets/js/jquery.lazyloadxt.extra.min4250.js]
[www.yoodo.com.my/wp-content/plugins/a3-lazy-load/assets/js/jquery.lazyloadxt.srcset.min4250.js]
[www.yoodo.com.my/wp-content/plugins/a3-lazy-load/assets/js/jquery.lazyloadxt.extend4250.js]
[www.yoodo.com.my/index.html]
[www.yoodo.com.my/wp-content/plugins/js_composer/assets/js/dist/js_composer_front.min4d6f.js]
[www.yoodo.com.my/indexd70d.html]
[www.yoodo.com.my/wp-content/themes/yoodo/assets/css/owl.video.play.png]
[www.yoodo.com.my/wp-content/themes/yoodo/assets/fonts/icon-yoodo-mpd821.ttf]
[www.yoodo.com.my/wp-content/themes/yoodo/assets/fonts/icon-yoodo-mpd821.woff]
[www.yoodo.com.my/wp-content/themes/yoodo/assets/fonts/icon-yoodo-mpd821.svg]
[www.yoodo.com.my/wp-content/themes/yoodo/assets/img/svg/identipluse-1.svg]
[www.yoodo.com.my/wp-content/themes/yoodo/assets/img/svg/identipluse-2.svg]
[www.yoodo.com.my/wp-content/themes/yoodo/assets/img/svg/identipluse-3.svg]
[www.yoodo.com.my/wp-content/themes/yoodo/assets/img/svg/identipluse-4.svg]
[www.yoodo.com.my/wp-content/themes/yoodo/assets/img/svg/curve-top-red-1.svg]
[www.yoodo.com.my/wp-content/themes/yoodo/assets/img/svg/curve-bottom-red-1.svg]
[www.yoodo.com.my/wp-content/themes/yoodo/assets/img/svg/curve-top-red-2.svg]
[www.yoodo.com.my/wp-content/themes/yoodo/assets/img/svg/curve-bottom-red-2.svg]
[www.yoodo.com.my/wp-content/themes/yoodo/assets/img/svg/curve-top-red-4.svg]
[www.yoodo.com.my/wp-content/themes/yoodo/assets/img/svg/curve-bottom-red-4.svg]
[www.yoodo.com.my/wp-content/themes/yoodo/assets/img/svg/curve-red-5.svg]
[www.yoodo.com.my/wp-content/themes/yoodo/assets/img/svg/curve-bottom-red-5.svg]
[www.yoodo.com.my/wp-content/themes/yoodo/assets/img/svg/curve-gray-1.svg]
[www.yoodo.com.my/wp-content/themes/yoodo/assets/img/svg/curve-gray-2.svg]
[www.yoodo.com.my/wp-content/themes/yoodo/assets/img/svg/curve-gray-3.svg]
[www.yoodo.com.my/wp-content/themes/yoodo/assets/img/svg/curve-gray-4.svg]
[www.yoodo.com.my/wp-content/themes/yoodo/assets/img/svg/curve-gray-5.svg]
[www.yoodo.com.my/wp-content/themes/yoodo/assets/img/svg/curve-top-red-rates.svg]
[www.yoodo.com.my/wp-content/themes/yoodo/assets/img/svg/curve-bottom-red-rates.svg]
[www.yoodo.com.my/wp-content/themes/yoodo/assets/img/svg/curve-bottom-yellow-4.svg]
[www.yoodo.com.my/wp-content/themes/yoodo/assets/img/flags16-complementary.png]
[www.yoodo.com.my/wp-content/plugins/js_composer/assets/vc/alert.png]
[www.yoodo.com.my/wp-content/plugins/js_composer/assets/vc/info.png]
[www.yoodo.com.my/wp-content/plugins/js_composer/assets/vc/tick.png]
[www.yoodo.com.my/wp-content/plugins/js_composer/assets/vc/exclamation.png]
[www.yoodo.com.my/wp-content/plugins/js_composer/assets/images/icons/address-book.png]
[www.yoodo.com.my/wp-content/plugins/js_composer/assets/images/icons/alarm-clock.png]
[www.yoodo.com.my/wp-content/plugins/js_composer/assets/images/icons/anchor.png]
[www.yoodo.com.my/wp-content/plugins/js_composer/assets/images/icons/application-image.png]
[www.yoodo.com.my/wp-content/plugins/js_composer/assets/images/icons/arrow.png]
[www.yoodo.com.my/wp-content/plugins/js_composer/assets/images/icons/asterisk.png]
[www.yoodo.com.my/wp-content/plugins/js_composer/assets/images/icons/auction-hammer.png]
[www.yoodo.com.my/wp-content/plugins/js_composer/assets/images/icons/balloon.png]
[www.yoodo.com.my/wp-content/plugins/js_composer/assets/images/icons/balloon-buzz.png]
[www.yoodo.com.my/wp-content/plugins/js_composer/assets/images/icons/balloon-facebook.png]
[www.yoodo.com.my/wp-content/plugins/js_composer/assets/images/icons/balloon-twitter.png]
[www.yoodo.com.my/wp-content/plugins/js_composer/assets/images/icons/battery-full.png]
[www.yoodo.com.my/wp-content/plugins/js_composer/assets/images/icons/binocular.png]
[www.yoodo.com.my/wp-content/plugins/js_composer/assets/images/icons/blue-document-excel.png]
[www.yoodo.com.my/wp-content/plugins/js_composer/assets/images/icons/blue-document-image.png]
[www.yoodo.com.my/wp-content/plugins/js_composer/assets/images/icons/blue-document-music.png]
[www.yoodo.com.my/wp-content/plugins/js_composer/assets/images/icons/blue-document-office.png]
[www.yoodo.com.my/wp-content/plugins/js_composer/assets/images/icons/blue-document-pdf.png]
[www.yoodo.com.my/wp-content/plugins/js_composer/assets/images/icons/blue-document-powerpoint.png]
[www.yoodo.com.my/wp-content/plugins/js_composer/assets/images/icons/blue-document-word.png]
[www.yoodo.com.my/wp-content/plugins/js_composer/assets/images/icons/bookmark.png]
[www.yoodo.com.my/wp-content/plugins/js_composer/assets/images/icons/camcorder.png]
[www.yoodo.com.my/wp-content/plugins/js_composer/assets/images/icons/camera.png]
[www.yoodo.com.my/wp-content/plugins/js_composer/assets/images/icons/chart.png]
[www.yoodo.com.my/wp-content/plugins/js_composer/assets/images/icons/chart-pie.png]
[www.yoodo.com.my/wp-content/plugins/js_composer/assets/images/icons/clock.png]
[www.yoodo.com.my/wp-content/plugins/js_composer/assets/images/icons/control.png]
[www.yoodo.com.my/wp-content/plugins/js_composer/assets/images/icons/fire.png]
[www.yoodo.com.my/wp-content/plugins/js_composer/assets/images/icons/heart.png]
[www.yoodo.com.my/wp-content/plugins/js_composer/assets/images/icons/mail.png]
[www.yoodo.com.my/wp-content/plugins/js_composer/assets/images/icons/plus-shield.png]
[www.yoodo.com.my/wp-content/plugins/js_composer/assets/images/icons/video.png]
[www.yoodo.com.my/wp-content/plugins/js_composer/assets/fonts/vc_icons_v3/fonts/vcpb-plugin-icons726d.eot]
[www.yoodo.com.my/wp-content/plugins/js_composer/assets/fonts/vc_icons_v3/fonts/vcpb-plugin-icons726d.ttf]
[www.yoodo.com.my/wp-content/plugins/js_composer/assets/fonts/vc_icons_v3/fonts/vcpb-plugin-icons726d.woff]
[www.yoodo.com.my/wp-content/plugins/js_composer/assets/fonts/vc_icons_v3/fonts/vcpb-plugin-icons726d.svg]
[www.yoodo.com.my/wp-content/plugins/js_composer/assets/images/toggle_open.png]
[www.yoodo.com.my/wp-content/plugins/js_composer/assets/images/toggle_close.png]
[www.yoodo.com.my/wp-content/plugins/js_composer/assets/images/flickr.png]
[www.yoodo.com.my/wp-content/plugins/js_composer/assets/fonts/vc_grid/vc_grid_v157a1.eot]
[www.yoodo.com.my/wp-content/plugins/js_composer/assets/fonts/vc_grid/vc_grid_v1d41d.eot]
[www.yoodo.com.my/wp-content/plugins/js_composer/assets/fonts/vc_grid/vc_grid_v157a1.woff]
[www.yoodo.com.my/wp-content/plugins/js_composer/assets/fonts/vc_grid/vc_grid_v157a1.ttf]
[www.yoodo.com.my/wp-content/plugins/js_composer/assets/fonts/vc_grid/vc_grid_v157a1.svg]
[www.yoodo.com.my/wp-content/plugins/js_composer/assets/images/spinner.gif]
[www.yoodo.com.my/wp-content/plugins/js_composer/assets/vc/remove.png]
[www.yoodo.com.my/wp-includes/fonts/dashicons7d4b.eot]
[www.yoodo.com.my/wp-includes/fonts/dashicons7d4b.ttf]
[www.yoodo.com.my/index1c49.html]
[www.yoodo.com.my/index05f3.html]
[www.yoodo.com.my/wp-includes/css/dist/block-library/style.mine35d.css]
[www.yoodo.com.my/blog/tell-us-how-you-celebrate-deepavali-and-well-tell-you-which-festive-must-have-you-are/index.html]
[www.yoodo.com.my/wp-content/plugins/sitepress-multilingual-cms/dist/css/blocks/styles0c4b.css]
[www.yoodo.com.my/index332e.html]
[www.yoodo.com.my/deals/index.html]
[www.yoodo.com.my/category/index.html]
[www.yoodo.com.my/wp-content/plugins/contact-form-7/includes/css/stylesf658.css]
[www.yoodo.com.my/index0aaa.html]
[www.yoodo.com.my/wp-content/plugins/js_composer/assets/css/js_composer.min4d6f.css]
[www.yoodo.com.my/wp-content/plugins/a3-lazy-load/assets/css/jquery.lazyloadxt.fadeine35d.css]
[www.yoodo.com.my/amp/index99dc.html]
[www.yoodo.com.my/wp-content/plugins/sitepress-multilingual-cms/res/js/cookies/language-cookie0c4b.js]
[www.yoodo.com.my/wp-includes/js/jquery/jquery.min3088.js]
[www.yoodo.com.my/wp-includes/js/jquery/jquery-migrate.min5589.js]
[www.yoodo.com.my/wp-content/themes/yoodo/assets/src/js/components/myloadmoree35d.js]
[www.yoodo.com.my/wp-json/wp/v2/pages/32222]
[www.yoodo.com.my/wp-json/oembed/1.0/embedcb9d]
[www.yoodo.com.my/wp-json/oembed/1.0/embedc013]
[www.yoodo.com.my/wp-content/uploads/2024/08/home-banner-bm-desktop-jpgfb8d.webp]
[www.yoodo.com.my/hc/change_language/en-us7bdb]
[www.yoodo.com.my/blog/index99dc.html]
[www.yoodo.com.my/rates/index99dc.html]
[www.yoodo.com.my/high-speed/index99dc.html]
[www.yoodo.com.my/unlimited/index99dc.html]
[www.yoodo.com.my/5g/index99dc.html]
[www.yoodo.com.my/add-ons/index99dc.html]
[www.yoodo.com.my/roaming/index99dc.html]
[www.yoodo.com.my/power-pass/index99dc.html]
[www.yoodo.com.my/boosters/index99dc.html]
[www.yoodo.com.my/20for20/index99dc.html]
[www.yoodo.com.my/points/index99dc.html]
[www.yoodo.com.my/hc/ms]
[www.yoodo.com.my/why-yoodo/index99dc.html]
[www.yoodo.com.my/rewards/index99dc.html]
[www.yoodo.com.my/hc/ms/signin7ba0]
[www.yoodo.com.my/wp-content/themes/yoodo/assets/img/hot-selling/BM/5.png]
[www.yoodo.com.my/wp-content/themes/yoodo/assets/img/hot-selling/BM/6.png]
[www.yoodo.com.my/index99dc.html]
[www.yoodo.com.my/blog/5-things-to-know-when-buying-a-pre-loved-smart-device/index99dc.html]
[www.yoodo.com.my/whats-new/index99dc.html]
[www.yoodo.com.my/blog/the-top-5-netflix-shows-you-cant-miss-in-november-2023/index99dc.html]
[www.yoodo.com.my/blog/top-5-netflix-shows-you-must-watch-in-december-2023/index99dc.html]
[www.yoodo.com.my/wp-content/plugins/accelerated-mobile-pages/templates/design-manager/swift/fonts/icomoon.c3.delayed]
[www.yoodo.com.my/important-news-bm/index99dc.html]
[www.yoodo.com.my/tentang-kami/index99dc.html]
[www.yoodo.com.my/contact-us/index99dc.html]
[www.yoodo.com.my/careers/index99dc.html]
[www.yoodo.com.my/wp-content/uploads/2019/06/58779205-c6389200-8607-11e9-9105-4ef2cfdf3d6c.png]
[www.yoodo.com.my/amp/index.html]
[www.yoodo.com.my/wp-content/themes/yoodo/assets/css/global7b30.css]
[www.yoodo.com.my/wp-content/themes/yoodo/assets/css/app7b30.css]
[www.yoodo.com.my/wp-json/index.html]
[www.yoodo.com.my/wp-json/wp/v2/pages/32221.html]
[www.yoodo.com.my/wp-json/oembed/1.0/embede719.html]
[www.yoodo.com.my/wp-json/oembed/1.0/embedba87.html]
[www.yoodo.com.my/privacy-policy/index99dc.html]
[www.yoodo.com.my/terma-dan-syarat/index99dc.html]
[www.yoodo.com.my/index7f46.html]
[www.yoodo.com.my/wp-json/wp/v2/pages/11043]
[www.yoodo.com.my/wp-content/uploads/2023/12/11-1024x569.png]
[www.yoodo.com.my/blog/amp/index.html]
[www.yoodo.com.my/wp-content/uploads/2023/11/4-300x171.png]
[www.yoodo.com.my/wp-content/uploads/2023/11/3-1-300x160.png]
[www.yoodo.com.my/wp-content/uploads/2023/11/8-300x186.png]
[www.yoodo.com.my/wp-content/uploads/2023/10/4-1024x682.webp]
[www.yoodo.com.my/wp-content/uploads/2019/05/post-thumbnail-placeholder.png]
[www.yoodo.com.my/blog/say-wassup-to-whatsapps-upcoming-ui-makeover/index.html]
[www.yoodo.com.my/blog/what-is-5g-why-getting-it-is-a-must/index.html]
[www.yoodo.com.my/wp-content/uploads/2023/10/9-1024x573.webp]
[www.yoodo.com.my/blog/lets-take-a-look-at-the-new-apple-iphone-15/index.html]
[www.yoodo.com.my/wp-content/uploads/2023/09/4-2-1024x684.webp]
[www.yoodo.com.my/blog/heres-why-extending-your-validity-with-yoodo-is-awesome/index.html]
[www.yoodo.com.my/wp-content/uploads/2023/09/4-1-1024x768.webp]
[www.yoodo.com.my/wp-content/uploads/2023/09/6-jpg.webp]
[www.yoodo.com.my/blog/warning-your-digital-footprint-might-be-too-public/index.html]
[www.yoodo.com.my/wp-content/uploads/2023/09/5-1024x682.webp]
[www.yoodo.com.my/blog/omg-you-can-enjoy-free-84gb-in-a-year/index.html]
[www.yoodo.com.my/blog/how-to-not-pay-for-your-mobile-plan-ever-again/index.html]
[www.yoodo.com.my/wp-content/uploads/2023/07/8-1-1024x307.png]
[www.yoodo.com.my/wp-content/uploads/2023/07/6-1024x297.png]
[www.yoodo.com.my/blog/the-step-by-step-on-how-to-roam-like-home-with-yoodo/index.html]
[www.yoodo.com.my/blog/why-yoodos-data-add-ons-help-you-save-more/index.html]
[www.yoodo.com.my/wp-content/uploads/2023/06/2-1-1024x682.webp]
[www.yoodo.com.my/blog/concerts-in-malaysia-you-cannot-miss-throughout-the-rest-of-2023/index.html]
[www.yoodo.com.my/wp-content/uploads/2023/06/5-1024x682.webp]
[www.yoodo.com.my/blog/must-read-how-to-protect-your-smartphone-from-cyber-attacks/index.html]
[www.yoodo.com.my/wp-content/uploads/2023/05/4-1024x307.png]
[www.yoodo.com.my/blog/why-yoodos-roam-like-home-is-your-best-roaming-buddy/index.html]
[www.yoodo.com.my/wp-content/uploads/2023/05/6.png]
[www.yoodo.com.my/blog/heres-why-youve-got-to-get-our-yoodo-esim/index.html]
[www.yoodo.com.my/wp-content/uploads/2023/04/5-1.png]
[www.yoodo.com.my/blog/4-reasons-why-you-need-the-5g-experience/index.html]
[www.yoodo.com.my/wp-content/uploads/2023/04/7-1024x680.webp]
[www.yoodo.com.my/wp-content/uploads/2023/03/7-1-1024x682.webp]
[www.yoodo.com.my/blog/5-must-try-ramadan-bazaar-foods-in-2023/index.html]
[www.yoodo.com.my/wp-content/uploads/2023/03/1.png]
[www.yoodo.com.my/blog/we-asked-an-ai-chatbot-why-malaysians-love-yoodo-heres-the-result/index.html]
[www.yoodo.com.my/blog/4-reasons-to-switch-to-yoodos-unlimited-plan/index.html]
[www.yoodo.com.my/wp-content/uploads/2023/02/3.png]
[www.yoodo.com.my/blog/heres-why-you-should-experience-5g-with-yoodo/index.html]
[www.yoodo.com.my/wp-content/uploads/2023/02/3-1024x684.webp]
[www.yoodo.com.my/blog/why-switch-to-yoodo-if-saving-money-is-your-2023-resolution/index.html]
[www.yoodo.com.my/wp-content/uploads/2023/01/11.png]
[www.yoodo.com.my/blog/yoodo-giving-away-free-80gb-angpow-thats-so-melampow/index.html]
[www.yoodo.com.my/wp-content/uploads/2023/01/7-1024x682.webp]
[www.yoodo.com.my/wp-content/uploads/2022/12/7-4-1024x682.webp]
[www.yoodo.com.my/blog/wifi-or-hotspot-which-ones-better-for-you/index.html]
[www.yoodo.com.my/blog/5-reasons-why-malaysians-love-yoodo/index.html]
[www.yoodo.com.my/wp-content/uploads/2022/12/1-1024x576.png]
[www.yoodo.com.my/wp-content/uploads/2022/12/7-3-1024x682.webp]
[www.yoodo.com.my/blog/why-you-should-customise-your-unlimited-plan-with-yoodo/index.html]
[www.yoodo.com.my/blog/how-to-avoid-expensive-roaming-charges/index.html]
[www.yoodo.com.my/wp-content/uploads/2022/12/1-1.png]
[www.yoodo.com.my/blog/yoodos-top-5-best-selling-plans-and-why/index.html]
[www.yoodo.com.my/wp-content/uploads/2022/12/1-1024x682.webp]
[www.yoodo.com.my/blog/best-telco-plan-for-your-kids-and-why/index.html]
[www.yoodo.com.my/wp-content/uploads/2022/11/1-1024x682.webp]
[www.yoodo.com.my/wp-content/uploads/2022/11/yoodotour-web_compressed-1-2-1024x267.jpg]
[www.yoodo.com.my/blog/jet-set-go-yoodo-jalan-jalan-malaysia-feat-rakita/index.html]
[www.yoodo.com.my/blog/save-up-to-rm500-a-year-on-your-telco-plan/index.html]
[www.yoodo.com.my/wp-content/uploads/2022/06/esim-1024x682.jpg]
[www.yoodo.com.my/blog/5-reasons-why-esim-is-better-than-physical-sims/index.html]
[www.yoodo.com.my/wp-content/uploads/2022/07/photo_2022-07-27_12-21-13-1024x576.jpg]
[www.yoodo.com.my/blog/guess-who-gatecrashed-the-yoodos-screen-premiere-of-malaysias-she-was-pretty/index.html]
[www.yoodo.com.my/wp-content/uploads/2022/06/jun22-header2-min-1-1-1024x683.jpg]
[www.yoodo.com.my/blog/no-3-will-traumatise-you-mobile-gaming-moments-weve-all-experienced/index.html]
[www.yoodo.com.my/wp-content/uploads/2022/06/jun22-header1-1024x684.jpg]
[www.yoodo.com.my/blog/returning-to-the-office-avoid-awkwardness-with-these-tips/index.html]
[www.yoodo.com.my/wp-content/uploads/2022/05/may22-header2-1024x682.jpg]
[www.yoodo.com.my/blog/fun-facts-about-our-sea-games-2021-contingent/index.html]
[www.yoodo.com.my/wp-content/uploads/2022/05/may22-header1-1024x616.jpg]
[www.yoodo.com.my/wp-content/uploads/2022/04/apr22-header1-1-1024x684.jpg]
[www.yoodo.com.my/wp-content/uploads/2022/04/mar22-header2-683x1024.jpg]
[www.yoodo.com.my/blog/we-asked-our-fans-to-come-beraya-this-is-what-happened/index.html]
[www.yoodo.com.my/blog/8-reasons-to-check-out-our-new-app/index.html]
[www.yoodo.com.my/blog/the-ramadan-bazaars-we-all-gotta-revisit-in-2022/index.html]
[www.yoodo.com.my/wp-content/uploads/2022/03/mar22-header1-1024x576.jpg]
[www.yoodo.com.my/blog/if-you-havent-felt-this-way-before-you-havent-really-played-mlbb/index.html]
[www.yoodo.com.my/wp-content/uploads/2022/02/feb22-header2.jpg]
[www.yoodo.com.my/blog/know-your-gamers-welcome-yoodo-rsg/index.html]
[www.yoodo.com.my/wp-content/uploads/2022/01/unnamed.png]
[www.yoodo.com.my/blog/heres-how-you-celebrate-cnybut-different/index.html]
[www.yoodo.com.my/wp-content/uploads/2022/01/jan22-header1.jpg]
[www.yoodo.com.my/blog/heres-how-to-shop-smart-for-clothes-online/index.html]
[www.yoodo.com.my/wp-content/uploads/2021/12/dec21-header2-1024x550.png]
[www.yoodo.com.my/blog/find-out-what-luck-2022-will-bring-you-with-this-quiz-from-yoodo/index.html]
[www.yoodo.com.my/wp-content/uploads/2021/12/dec21-header1-1024x683.jpg]
[www.yoodo.com.my/wp-content/uploads/2021/11/nov21-header2-1024x682.jpg]
[www.yoodo.com.my/blog/we-asked-our-fans-to-create-an-unlimited-menu-now-its-time-to-dine/index.html]
[www.yoodo.com.my/blog/5-kl-art-events-you-die-die-must-catch/index.html]
[www.yoodo.com.my/wp-content/uploads/2021/11/nov21-header1-1024x683.png]
[www.yoodo.com.my/wp-content/uploads/2021/11/oct21-header2-1024x659.jpg]
[www.yoodo.com.my/blog/ade-ape-dengan-5g/index.html]
[www.yoodo.com.my/wp-content/uploads/2021/11/oct21-header1-1024x645.jpg]
[www.yoodo.com.my/blog/local-tiktoks-that-made-admin-go-lol/index.html]
[www.yoodo.com.my/wp-content/uploads/2021/10/sep21-header3-1024x683.jpg]
[www.yoodo.com.my/blog/admin-cried-last-september-because-of-what-these-yoodo-fans-said/index.html]
[www.yoodo.com.my/wp-content/uploads/2021/10/sep21-header2-1024x682.jpg]
[www.yoodo.com.my/blog/how-far-can-rm10-go-in-2021/index.html]
[www.yoodo.com.my/wp-content/uploads/2021/08/aug21-header1-1024x683.jpg]
[www.yoodo.com.my/wp-content/uploads/2021/08/jul21-header2-1024x562.jpg]
[www.yoodo.com.my/blog/6-ways-to-celebrate-merdeka-at-home/index.html]
[www.yoodo.com.my/blog/working-out-tik-tok-style/index.html]
[www.yoodo.com.my/wp-content/uploads/2021/08/jul21-header1.jpg]
[www.yoodo.com.my/blog/6-ways-to-stay-on-trend-at-home/index.html]
[www.yoodo.com.my/wp-content/uploads/2021/06/jun21-header2-1-1024x683.jpg]
[www.yoodo.com.my/wp-content/uploads/2021/06/jun21-header1-1024x700.jpg]
[www.yoodo.com.my/blog/10-things-that-should-make-a-comeback-in-malaysia/index.html]
[www.yoodo.com.my/blog/dont-know-anything-about-euro-2020-read-this/index.html]
[www.yoodo.com.my/wp-content/uploads/2021/05/may21-header1.jpg]
[www.yoodo.com.my/wp-content/uploads/2021/05/apr21-header2-1024x683.jpg]
[www.yoodo.com.my/blog/traditional-malaysian-kuih-you-might-not-have-heard-of-yet/index.html]
[www.yoodo.com.my/blog/11-nego-tips-to-get-whatyoowant/index.html]
[www.yoodo.com.my/wp-content/uploads/2021/04/apr21-header1.jpg]
[www.yoodo.com.my/blog/which-ramadan-bazaar-classic-are-you/index.html]
[www.yoodo.com.my/wp-content/uploads/2021/03/mar21-header2-1024x732.jpg]
[www.yoodo.com.my/blog/8-great-malaysian-pairs/index.html]
[www.yoodo.com.my/wp-content/uploads/2021/03/mar21-header1-1024x682.jpg]
[www.yoodo.com.my/blog/8-malaysian-women-doing-it-better/index.html]
[www.yoodo.com.my/wp-content/uploads/2021/02/feb21-header3-1024x683.jpg]
[www.yoodo.com.my/blog/quiz-how-dependent-on-your-phone-are-you/index.html]
[www.yoodo.com.my/wp-content/uploads/2021/02/feb21-header2-1024x683.jpg]
[www.yoodo.com.my/blog/what-do-you-know-about-valentines-day/index.html]
[www.yoodo.com.my/wp-content/uploads/2021/02/feb21-header1-1024x612.jpg]
[www.yoodo.com.my/blog/huats-hot-10-chinese-new-year-traditions-for-good-luck/index.html]
[www.yoodo.com.my/wp-content/uploads/2021/01/jan21-header-1024x685.jpg]
[www.yoodo.com.my/blog/types-of-wfh-personalities/index.html]
[www.yoodo.com.my/wp-content/uploads/2020/12/ydo_seo-dec20_header1-1024x682.jpg]
[www.yoodo.com.my/blog/top-5-things-we-all-did-better-together/index.html]
[www.yoodo.com.my/wp-content/uploads/2020/12/ydo_seo-dec20_header2-1024x692.jpg]
[www.yoodo.com.my/blog/malaysian-christmas-best-christmas-heres-why/index.html]
[www.yoodo.com.my/wp-content/uploads/2020/12/ydo_novarticleheader2-1024x636.jpg]
[www.yoodo.com.my/wp-content/uploads/2020/11/ydo_novarticleheader1-1024x570.jpg]
[www.yoodo.com.my/blog/deepavali-snacks-101/index.html]
[www.yoodo.com.my/blog/your-superhero-identity-based-on-social-media/index.html]
[www.yoodo.com.my/wp-content/uploads/2020/10/ydo_octarticleheader2-1024x586.jpg]
[www.yoodo.com.my/blog/your-yoodo-guide-to-horrorween/index.html]
[www.yoodo.com.my/wp-content/uploads/2020/10/yoodo-gaming-banner-01-1024x213.png]
[www.yoodo.com.my/blog/unusual-pairings-that-go-well-together/index.html]
[www.yoodo.com.my/wp-content/uploads/2020/09/ydo_septarticleheader2-1024x682.jpg]
[www.yoodo.com.my/blog/games-to-give-you-malaysiapride/index.html]
[www.yoodo.com.my/wp-content/uploads/2020/09/ydo_septarticleheader1-1024x706.jpg]
[www.yoodo.com.my/blog/things-to-give-you-malaysiafeelings/index.html]
[www.yoodo.com.my/wp-content/uploads/2020/08/ydo_augarticleheader2-1024x683.jpg]
[www.yoodo.com.my/blog/state-specialties-who-does-it-better/index.html]
[www.yoodo.com.my/wp-content/uploads/2020/08/ydo_augarticleheader1-1024x383.jpg]
[www.yoodo.com.my/blog/yoodo-geek-fam/index.html]
[www.yoodo.com.my/wp-content/uploads/2020/07/woman-in-orange-shirt-sitting-by-the-table-using-macbook-3808021-1024x679.jpg]
[www.yoodo.com.my/wp-content/uploads/2020/07/ydo_jularticleheader1-1024x681.jpg]
[www.yoodo.com.my/blog/12-new-k-pop-things-to-layan/index.html]
[www.yoodo.com.my/blog/how-to-become-the-next-yoodo-quiz-night-champ/index.html]
[www.yoodo.com.my/wp-content/uploads/2020/06/blur-chairs-earphone-fashion-371163-1024x683.jpg]
[www.yoodo.com.my/blog/8-podcasts-you-gotta-binge/index.html]
[www.yoodo.com.my/wp-content/uploads/2020/06/photo-1566699270403-3f7e3f340664-1024x680.jpg]
[www.yoodo.com.my/blog/wfh-expectation-vs-reality/index.html]
[www.yoodo.com.my/wp-content/uploads/2020/05/pexels-photo-1071979-1024x683.jpg]
[www.yoodo.com.my/blog/customizing-your-raya-celebrations/index.html]
[www.yoodo.com.my/wp-content/uploads/2020/04/unnamed-1.jpg]
[www.yoodo.com.my/wp-content/uploads/2020/04/yoodo-header-march-01-1-1024x683.jpg]
[www.yoodo.com.my/wp-content/uploads/2020/03/ydo_articleheader_mar02-1-1024x685.jpg]
[www.yoodo.com.my/blog/20-things-you-can-watch-with-20gb-for-rm20/index.html]
[www.yoodo.com.my/blog/6-things-to-keep-yourself-busy-during-the-movement-control-order/index.html]
[www.yoodo.com.my/blog/10-power-things-to-do-in-1-hour-with-100gb/index.html]
[www.yoodo.com.my/wp-content/uploads/2020/03/ydo_articleheader_mar01-1024x682.jpg]
[www.yoodo.com.my/blog/renew-anytime-101/index.html]
[www.yoodo.com.my/wp-content/uploads/2020/02/feb20_articleheader2-1024x739.jpg]
[www.yoodo.com.my/blog/6-things-you-can-jump-into-on-leap-day/index.html]
[www.yoodo.com.my/wp-content/uploads/2020/02/feb20_articleheader1-1024x682.jpg]
[www.yoodo.com.my/wp-content/uploads/2020/01/jan20_articleheader2-1024x576.jpg]
[www.yoodo.com.my/wp-content/uploads/2020/01/jan20_articleheader1-1024x683.jpg]
[www.yoodo.com.my/wp-content/uploads/2019/12/dec19_articleheader2-1024x683.jpg]
[www.yoodo.com.my/wp-content/uploads/2019/12/dec19_articleheader1-1024x682.jpg]
[www.yoodo.com.my/blog/6-very-malaysian-ways-to-celebrate-valentines/index.html]
[www.yoodo.com.my/blog/your-yoodo-horoscope-for-2020/index.html]
[www.yoodo.com.my/blog/extra-ang-pao-gathering-tips/index.html]
[www.yoodo.com.my/blog/yoodos-new-year-resolution-guide/index.html]
[www.yoodo.com.my/wp-content/uploads/2019/11/erwan-hesry-Q34YB7yjAxA-unsplash-1024x683.jpg]
[www.yoodo.com.my/blog/fast-and-friendly-christmas-gifts/index.html]
[www.yoodo.com.my/blog/top-travel-must-packs/index.html]
[www.yoodo.com.my/wp-content/uploads/2019/11/1-1024x307.png]
[www.yoodo.com.my/blog/who-needs-an-esim/index.html]
[www.yoodo.com.my/wp-content/uploads/2019/10/pexels-photo-1602726-1024x683.jpg]
[www.yoodo.com.my/blog/10-budgeting-tips-to-prep-for-2020/index.html]
[www.yoodo.com.my/wp-content/uploads/2019/10/anshu-a-Jhqr0S-tE2s-unsplash-1024x684.jpg]
[www.yoodo.com.my/wp-content/uploads/2019/09/im-too-dash-for-esports-banner-1024x683.jpg]
[www.yoodo.com.my/blog/things-that-give-you-thatdeepavalifeeling/index.html]
[www.yoodo.com.my/wp-content/uploads/2019/09/article2_header-1024x649.jpg]
[www.yoodo.com.my/wp-content/uploads/2019/09/article1-header-1024x768.jpg]
[www.yoodo.com.my/wp-content/uploads/2019/08/HEADER-WhatIsEsports-1024x683.jpg]
[www.yoodo.com.my/blog/im-too-for-esports/index.html]
[www.yoodo.com.my/blog/top-10-netflix-hacks/index.html]
[www.yoodo.com.my/blog/6-streamable-made-in-malaysia-hits/index.html]
[www.yoodo.com.my/blog/what-is-esports/index.html]
[www.yoodo.com.my/wp-content/uploads/2019/08/IMG_3858-1-1024x683.jpg]
[www.yoodo.com.my/blog/icymi-yoodo-presents-community-day/index.html]
[www.yoodo.com.my/wp-content/uploads/2019/08/Canva-Petronas-Tower-Malaysia-1024x643.jpg]
[www.yoodo.com.my/blog/malaysia-boleh-6-incredible-inventions-from-malaysian-minds/index.html]
[www.yoodo.com.my/wp-content/uploads/2019/07/social-media-hacks-1024x683.jpg]
[www.yoodo.com.my/blog/social-media-hacks-for-the-savvy-malaysian/index.html]
[www.yoodo.com.my/wp-content/uploads/2019/07/netflix-recs-for-all-your-moods-1024x683.jpg]
[www.yoodo.com.my/blog/netflix-recs-for-all-your-moods/index.html]
[www.yoodo.com.my/wp-content/uploads/2019/05/june-article-2-1024x733.jpg]
[www.yoodo.com.my/blog/8-lesser-known-travel-destinations-to-explore/index.html]
[www.yoodo.com.my/wp-content/uploads/2019/05/photo-1548714357-326d8a236f8c-1024x683.jpg]
[www.yoodo.com.my/blog/8-packing-tips-for-the-savvy-traveler/index.html]
[www.yoodo.com.my/wp-content/uploads/2019/05/may-article-2-1024x768.jpg]
[www.yoodo.com.my/blog/top-10-things-to-get-hyped-about-this-ramadan/index.html]
[www.yoodo.com.my/wp-content/uploads/2019/05/photo-1557986090-0e1dced5af7c-1024x683.jpg]
[www.yoodo.com.my/wp-content/plugins/js_composer/assets/lib/owl-carousel2-dist/assets/owl.min4d6f.css]
[www.yoodo.com.my/wp-content/plugins/js_composer/assets/lib/bower/animate-css/animate.min4d6f.css]
[www.yoodo.com.my/blog/all-you-wanted-to-know-on-ramadan-but-were-too-scared-to-ask/index.html]
[www.yoodo.com.my/wp-content/plugins/js_composer/assets/lib/owl-carousel2-dist/owl.carousel.min4d6f.js]
[www.yoodo.com.my/wp-content/plugins/js_composer/assets/lib/bower/imagesloaded/imagesloaded.pkgd.min4d6f.js]
[www.yoodo.com.my/wp-includes/js/underscore.mind584.js]
[www.yoodo.com.my/wp-content/plugins/js_composer/assets/lib/vc_waypoints/vc-waypoints.min4d6f.js]
[www.yoodo.com.my/blog/index.html]
[www.yoodo.com.my/hc/change_language/msa8eb.html]
[www.yoodo.com.my/wp-content/plugins/js_composer/assets/js/dist/vc_grid.min4d6f.js]
[www.yoodo.com.my/wp-json/wp/v2/pages/30922]
[www.yoodo.com.my/wp-content/uploads/2019/09/facebook1.png]
[www.yoodo.com.my/wp-content/uploads/2019/09/instagram1.png]
[www.yoodo.com.my/wp-content/uploads/2019/09/youtube1.png]
[www.yoodo.com.my/rates/amp/index.html]
[www.yoodo.com.my/wp-content/uploads/2019/09/pubg1.png]
[www.yoodo.com.my/wp-content/uploads/2019/09/netflix1.png]
[www.yoodo.com.my/wp-content/uploads/2019/09/whatsapp1.png]
[www.yoodo.com.my/wp-content/uploads/2019/09/twitter1.png]
[www.yoodo.com.my/wp-content/uploads/2023/04/yoodo_202304-Webpage-Updates-How-Much-ENG-12.png]
[www.yoodo.com.my/wp-content/uploads/2023/04/yoodo_202304-Webpage-Updates-How-Much-ENG-13.png]
[www.yoodo.com.my/wp-content/uploads/2023/04/yoodo_202304-Webpage-Updates-How-Much-ENG-03.png]
[www.yoodo.com.my/wp-content/uploads/2023/04/yoodo_202304-Webpage-Updates-How-Much-ENG-04.png]
[www.yoodo.com.my/rates/index.html]
[www.yoodo.com.my/wp-json/wp/v2/pages/34474]
[www.yoodo.com.my/5g/amp/index.html]
[www.yoodo.com.my/wp-json/oembed/1.0/embed1a7a]
[www.yoodo.com.my/wp-json/oembed/1.0/embed6394]
[www.yoodo.com.my/wp-content/uploads/2024/01/5G-Banner_En809d.png]
[www.yoodo.com.my/wp-content/uploads/2023/01/yoodo_5G_Launch-Microsite-Visuals_FA-07.png]
[www.yoodo.com.my/wp-content/uploads/2023/01/yoodo_5G_Launch-Microsite-Visuals_FA-09.png]
[www.yoodo.com.my/wp-content/uploads/2023/01/yoodo_5G_Launch-Microsite-Visuals_FA-10.png]
[www.yoodo.com.my/wp-content/uploads/2023/01/yoodo_5G_Launch-Microsite-Visuals_FA-11.png]
[www.yoodo.com.my/wp-content/uploads/2024/01/yoodoen_app-01A.png]
[www.yoodo.com.my/wp-content/uploads/2024/01/yoodoen_app-01B.png]
[www.yoodo.com.my/wp-content/uploads/2024/01/yoodoen_app-01C.png]
[www.yoodo.com.my/wp-content/plugins/js_composer/assets/css/js_composer_tta.min4d6f.css]
[www.yoodo.com.my/5g-term-and-condition/index.html]
[www.yoodo.com.my/wp-content/plugins/js_composer/assets/lib/vc_accordion/vc-accordion.min4d6f.js]
[www.yoodo.com.my/5g/index.html]
[www.yoodo.com.my/wp-content/plugins/js_composer/assets/lib/vc-tta-autoplay/vc-tta-autoplay.min4d6f.js]
[www.yoodo.com.my/wp-json/wp/v2/pages/11192]
[www.yoodo.com.my/wp-content/uploads/2022/09/yoodo-unlimited-revamp_unlimitedgalaxy.png]
[www.yoodo.com.my/wp-content/uploads/2022/09/yoodo-unlimited-revamp_dataspeed.png]
[www.yoodo.com.my/unlimited/amp/index.html]
[www.yoodo.com.my/wp-content/uploads/2022/09/yoodo-unlimited-revamp_customisable.png]
[www.yoodo.com.my/wp-content/uploads/2022/09/yoodo-unlimited-revamp_addon.png]
[www.yoodo.com.my/wp-content/uploads/2022/09/yoodo-unlimited-revamp_howto.png]
[www.yoodo.com.my/wp-content/uploads/2022/09/yoodo-unlimited-revamp_stepbystep-eng.png]
[www.yoodo.com.my/wp-content/uploads/2022/09/yoodo-unlimited-revamp_stepbystep-mobileeng.png]
[www.yoodo.com.my/unlimited/index.html]
[www.yoodo.com.my/wp-json/wp/v2/pages/34532]
[www.yoodo.com.my/high-speed/amp/index.html]
[www.yoodo.com.my/wp-json/oembed/1.0/embedc108]
[www.yoodo.com.my/wp-json/oembed/1.0/embed347c]
[www.yoodo.com.my/wp-content/uploads/2024/01/highspeed3_eng-jpg0d45.webp]
[www.yoodo.com.my/wp-content/uploads/2024/01/eng__mobile_phone_app_screensA-734x1024.png]
[www.yoodo.com.my/wp-content/uploads/2023/02/yoodo_20-for-20_web-export_icon-01.png]
[www.yoodo.com.my/wp-content/uploads/2023/02/yoodo_20-for-20_web-export_icon-02.png]
[www.yoodo.com.my/wp-content/uploads/2023/02/yoodo_20-for-20_web-export_icon-03.png]
[www.yoodo.com.my/high-speed/index.html]
[www.yoodo.com.my/5gbonusdata-terms-and-conditions/index.html]
[www.yoodo.com.my/wp-json/wp/v2/pages/30961]
[www.yoodo.com.my/wp-content/uploads/2024/03/yoodo_202304-Webpage-Updates-Add-On-ENG-07-1.png]
[www.yoodo.com.my/add-ons/amp/index.html]
[www.yoodo.com.my/wp-content/uploads/2023/04/yoodo_202304-Webpage-Updates-Add-On-ENG-08.png]
[www.yoodo.com.my/wp-content/uploads/2023/04/yoodo_202304-Webpage-Updates-Add-On-ENG-09-3.png]
[www.yoodo.com.my/wp-content/uploads/2023/04/yoodo_202304-Webpage-Updates-Add-On-ENG-11-1.png]
[www.yoodo.com.my/wp-content/uploads/2023/04/yoodo_202304-Webpage-Updates-Add-On-ENG-12-1.png]
[www.yoodo.com.my/wp-content/uploads/2023/04/yoodo_202304-Webpage-Updates-Add-On-ENG-13-1.png]
[www.yoodo.com.my/add-ons/index.html]
[www.yoodo.com.my/wp-json/wp/v2/pages/30191]
[www.yoodo.com.my/boosters/amp/index.html]
[www.yoodo.com.my/wp-content/uploads/2022/11/yoodo_booster-page-web-v3_visual-1-en.png]
[www.yoodo.com.my/wp-content/uploads/2022/11/yoodo_booster-page-web-v3_visual-mobile-292x300.png]
[www.yoodo.com.my/wp-content/uploads/2022/11/yoodo_booster-page-web-v3_visual-2.png]
[www.yoodo.com.my/boosters/index.html]
[www.yoodo.com.my/wp-json/wp/v2/pages/89]
[www.yoodo.com.my/roaming/amp/index.html]
[www.yoodo.com.my/wp-json/oembed/1.0/embed.16f0be6.delayed]
[www.yoodo.com.my/wp-json/oembed/1.0/embeda41a]
[www.yoodo.com.my/wp-content/uploads/2022/11/yoodo-roamlikehome-web-engdesktop.png]
[www.yoodo.com.my/wp-content/uploads/2022/11/yoodo-roamlikehome-web-engmobile.png]
[www.yoodo.com.my/wp-content/uploads/2022/08/yoodo-rlh_existing-plan.png]
[www.yoodo.com.my/wp-content/uploads/2022/08/yoodo-rlh_buy-advance.png]
[www.yoodo.com.my/wp-content/uploads/2022/08/yoodo-rlh_noextrasim.png]
[www.yoodo.com.my/wp-content/themes/yoodo/assets/js/jquery.easy-autocomplete.min.js]
[www.yoodo.com.my/wp-content/themes/yoodo/assets/css/easy-autocomplete.min.css]
[www.yoodo.com.my/wp-content/themes/yoodo/assets/css/flags16.css]
[www.yoodo.com.my/wp-content/uploads/2022/08/yoodo-rlh_comparison-pocket-eng.png]
[www.yoodo.com.my/wp-content/uploads/2022/08/yoodo-rlh_comparison-travel-eng.png]
[www.yoodo.com.my/wp-content/uploads/2019/05/international-direct-dial.png]
[www.yoodo.com.my/wp-content/themes/yoodo/assets/img/yoodo_slider_circle.png]
[www.yoodo.com.my/roaming/index.html]
[www.yoodo.com.my/wp-json/wp/v2/pages/7468]
[www.yoodo.com.my/power-pass/amp/index.html]
[www.yoodo.com.my/wp-content/uploads/2020/07/yoodo_website_2020_powerpass_img.png]
[www.yoodo.com.my/wp-content/uploads/2022/08/yoodo-powerpass-revamp_1hour-eng.png]
[www.yoodo.com.my/wp-content/uploads/2023/08/yoodo-powerpass-revamp_3hour-eng.png]
[www.yoodo.com.my/wp-content/uploads/2023/08/yoodo-powerpass-revamp_12hour-eng.png]
[www.yoodo.com.my/wp-content/uploads/2022/08/yoodo-powerpass-revamp_party.png]
[www.yoodo.com.my/wp-content/uploads/2022/08/yoodo-powerpass-revamp_proplayer.png]
[www.yoodo.com.my/wp-content/uploads/2022/08/yoodo-powerpass-revamp_movie.png]
[www.yoodo.com.my/wp-content/uploads/2022/08/yoodo-powerpass-revamp_shopping.png]
[www.yoodo.com.my/wp-content/uploads/2022/08/yoodo-powerpass-revamp_streaming.png]
[www.yoodo.com.my/wp-content/uploads/2022/08/yoodo-powerpass-revamp_howto.png]
[www.yoodo.com.my/power-pass/index.html]
[www.yoodo.com.my/wp-json/wp/v2/pages/21569]
[www.yoodo.com.my/wp-content/uploads/2022/07/yoodo-vowifi-web_icon-1.png]
[www.yoodo.com.my/volte-vowifi/amp/index.html]
[www.yoodo.com.my/wp-content/uploads/2022/07/yoodo-vowifi-web_icon-2.png]
[www.yoodo.com.my/wp-content/uploads/2022/07/yoodo-vowifi-web_icon-3.png]
[www.yoodo.com.my/wp-content/uploads/2022/07/yoodo-vowifi-web_icon-4.png]
[www.yoodo.com.my/wp-content/uploads/2022/07/yoodo-vowifi-web_tab-01.png]
[www.yoodo.com.my/wp-content/uploads/2022/07/yoodo-vowifi-web_tab-02.png]
[www.yoodo.com.my/wp-content/uploads/2022/07/tick.png]
[www.yoodo.com.my/volte-vowifi/index.html]
[www.yoodo.com.my/wp-json/wp/v2/pages/34570]
[www.yoodo.com.my/why-yoodo/amp/index.html]
[www.yoodo.com.my/wp-content/uploads/2024/01/image-1d21a.png]
[www.yoodo.com.my/wp-content/uploads/2019/05/create-paln.png]
[www.yoodo.com.my/wp-content/uploads/2019/05/do-it-1.png]
[www.yoodo.com.my/wp-content/uploads/2020/03/yoodo_website_2020_update_whyyoodo_icon_changeanytime.png]
[www.yoodo.com.my/wp-content/uploads/2024/01/5g.png]
[www.yoodo.com.my/wp-content/uploads/2019/05/1.png]
[www.yoodo.com.my/wp-content/uploads/2019/05/3.png]
[www.yoodo.com.my/wp-content/uploads/2020/03/yoodo_website_2020_update_icon_gocashless.png]
[www.yoodo.com.my/wp-content/uploads/2020/03/yoodo_website_2020_update_icon_reward.png]
[www.yoodo.com.my/wp-content/uploads/2019/05/6.png]
[www.yoodo.com.my/wp-content/uploads/2024/01/Yoodo-Asset-Resize.png]
[www.yoodo.com.my/wp-content/uploads/2019/05/card-3.png]
[www.yoodo.com.my/wp-content/uploads/2019/05/online.png]
[www.yoodo.com.my/wp-content/uploads/2019/05/paypal.png]
[www.yoodo.com.my/wp-content/uploads/2020/03/boost.png]
[www.yoodo.com.my/wp-content/uploads/2020/10/yoodo_icons_grabpay-04.png]
[www.yoodo.com.my/wp-content/uploads/2020/10/yoodo_icons_tng.png]
[www.yoodo.com.my/wp-content/uploads/2022/11/7e-logo_-.png]
[www.yoodo.com.my/wp-content/uploads/2023/01/alipay-logo-02.png]
[www.yoodo.com.my/wp-content/uploads/2022/12/thumbnail-jpg.webp]
[www.yoodo.com.my/why-yoodo/index.html]
[www.yoodo.com.my/wp-content/themes/yoodo/assets/img/svg/play-button.svg]
[www.yoodo.com.my/points/amp/index.html]
[www.yoodo.com.my/wp-json/wp/v2/pages/20344.1a6.delayed]
[www.yoodo.com.my/wp-json/oembed/1.0/embed3d1e]
[www.yoodo.com.my/wp-json/oembed/1.0/embed7ed1]
[www.yoodo.com.my/wp-content/uploads/2022/06/yoodo_e-wallet-web-v2_header-2.png]
[www.yoodo.com.my/wp-content/uploads/2022/06/yoodo_e-wallet-web_-1.png]
[www.yoodo.com.my/wp-content/uploads/2022/05/yoodo_e-wallet-web_app-logo.png]
[www.yoodo.com.my/wp-content/uploads/2022/06/yoodo_e-wallet-web-v2_visual-en-01.png]
[www.yoodo.com.my/wp-content/uploads/2022/06/yoodo_e-wallet-web-v2_visual-en-02.png]
[www.yoodo.com.my/points/index.html]
[www.yoodo.com.my/wp-json/wp/v2/pages/29714]
[www.yoodo.com.my/wp-content/uploads/2023/02/yoodo_20-for-20_web-export_visual-en.png]
[www.yoodo.com.my/20for20/index.html]
[www.yoodo.com.my/20for20/amp/index.html]
[www.yoodo.com.my/wp-json/wp/v2/pages/35516]
[www.yoodo.com.my/rewards/amp/index.html]
[www.yoodo.com.my/wp-content/uploads/2023/11/birthday-vector.png]
[www.yoodo.com.my/wp-content/uploads/2023/11/How-does-it-work-gifs-EN.gif]
[www.yoodo.com.my/wp-content/uploads/2023/11/Birthday-Reward-gifs-EN.gif]
[www.yoodo.com.my/rewards/index.html]
[www.yoodo.com.my/hc/en-us.html]
[www.yoodo.com.my/hc/en-us/signin8844.html]
[www.yoodo.com.my/wp-content/themes/yoodo/assets/img/svg/review-star.svg]
[www.yoodo.com.my/wp-json/wp/v2/pages/7386]
[www.yoodo.com.my/whats-new/amp/index.html]
[www.yoodo.com.my/wp-content/uploads/2023/10/Yoodo_2023Oct_5G-Pass_Web-Promo-banner_app-banner-2.png]
[www.yoodo.com.my/wp-content/themes/yoodo/assets/img/news-placeholder.png]
[www.yoodo.com.my/wp-content/uploads/2022/04/yoodo_20-for-20_web-export_banner-app.png]
[www.yoodo.com.my/wp-content/uploads/2023/02/yoodo_5G_Launch-Microsite-Visuals_FA_banner-app-en-1.png]
[www.yoodo.com.my/whats-new/index.html]
[www.yoodo.com.my/wp-content/themes/yoodo/assets/img/svg/hand-sos.svg]
[www.yoodo.com.my/wp-json/wp/v2/blog/36524.html]
[www.yoodo.com.my/blog/5-things-to-know-when-buying-a-pre-loved-smart-device/amp/index.html]
[www.yoodo.com.my/wp-json/oembed/1.0/embedbbaf]
[www.yoodo.com.my/wp-json/oembed/1.0/embed2f46]
[www.yoodo.com.my/wp-content/uploads/2023/12/11.png]
[www.yoodo.com.my/wp-content/uploads/2023/12/9.png]
[www.yoodo.com.my/wp-content/uploads/2023/12/7.png]
[www.yoodo.com.my/wp-content/uploads/2023/12/5.gif]
[www.yoodo.com.my/wp-content/uploads/2023/12/3.gif]
[www.yoodo.com.my/wp-content/uploads/2023/12/10.gif]
[www.yoodo.com.my/wp-content/uploads/2023/12/8.gif]
[www.yoodo.com.my/wp-content/uploads/2023/12/6.gif]
[www.yoodo.com.my/wp-content/uploads/2023/12/4.gif]
[www.yoodo.com.my/wp-content/uploads/2023/12/2.gif]
[www.yoodo.com.my/wp-content/uploads/2023/12/1.gif]
[www.yoodo.com.my/blog/5-things-to-know-when-buying-a-pre-loved-smart-device/index.html]
[www.yoodo.com.my/wp-json/wp/v2/blog/36100]
[www.yoodo.com.my/wp-content/uploads/2023/11/4.png]
[www.yoodo.com.my/blog/top-5-netflix-shows-you-must-watch-in-december-2023/amp/index.html]
[www.yoodo.com.my/wp-content/uploads/2023/11/3-2-1024x571.png]
[www.yoodo.com.my/wp-content/uploads/2023/11/6-1.gif]
[www.yoodo.com.my/wp-content/uploads/2023/11/8-1-1024x566.png]
[www.yoodo.com.my/wp-content/uploads/2023/11/11-1.gif]
[www.yoodo.com.my/wp-content/uploads/2023/11/10-1-1024x493.png]
[www.yoodo.com.my/wp-content/uploads/2023/11/9-1.gif]
[www.yoodo.com.my/wp-content/uploads/2023/11/7-1-1024x505.png]
[www.yoodo.com.my/wp-content/uploads/2023/11/5-2.gif]
[www.yoodo.com.my/wp-content/uploads/2023/11/2-1.png]
[www.yoodo.com.my/wp-content/uploads/2023/11/1-1.gif]
[www.yoodo.com.my/blog/top-5-netflix-shows-you-must-watch-in-december-2023/index.html]
[www.yoodo.com.my/wp-json/wp/v2/blog/35481]
[www.yoodo.com.my/blog/the-top-5-netflix-shows-you-cant-miss-in-november-2023/amp/index.html]
[www.yoodo.com.my/wp-content/uploads/2023/11/3-1.png]
[www.yoodo.com.my/wp-content/uploads/2023/11/9.png]
[www.yoodo.com.my/wp-content/uploads/2023/11/5-1.gif]
[www.yoodo.com.my/wp-content/uploads/2023/11/7-1024x672.png]
[www.yoodo.com.my/wp-content/uploads/2023/11/11.gif]
[www.yoodo.com.my/wp-content/uploads/2023/11/10-1024x561.png]
[www.yoodo.com.my/wp-content/uploads/2023/11/8.gif]
[www.yoodo.com.my/wp-content/uploads/2023/11/6-1024x571.png]
[www.yoodo.com.my/wp-content/uploads/2023/11/4-1.gif]
[www.yoodo.com.my/wp-content/uploads/2023/11/2-1024x676.png]
[www.yoodo.com.my/wp-content/uploads/2023/11/1.gif]
[www.yoodo.com.my/blog/the-top-5-netflix-shows-you-cant-miss-in-november-2023/index.html]
[www.yoodo.com.my/wp-json/wp/v2/pages/39301.html]
[www.yoodo.com.my/important-news-en/amp/index.html]
[www.yoodo.com.my/wp-json/oembed/1.0/embede842]
[www.yoodo.com.my/wp-json/oembed/1.0/embedb512]
[www.yoodo.com.my/wp-content/uploads/2024/04/Announcement-Page-Banner-En-scaled5fd1.webp]
[www.yoodo.com.my/important-news-en/index.html]
[www.yoodo.com.my/wp-json/wp/v2/pages/1380.html]
[www.yoodo.com.my/wp-content/uploads/2019/06/changing-rules-of-game-150x150.png]
[www.yoodo.com.my/about-us/amp/index.html]
[www.yoodo.com.my/wp-content/uploads/2019/06/giving-power-150x150.png]
[www.yoodo.com.my/wp-content/uploads/2019/06/sharing-community-150x150.png]
[www.yoodo.com.my/wp-content/uploads/2023/07/yoodo_awards_mbor.png]
[www.yoodo.com.my/wp-content/uploads/2023/06/080623_Yoodo_PC.com_MVNO_Award_Hires-1-jpg.webp]
[www.yoodo.com.my/wp-content/uploads/2023/11/yoodo_awards_markies-2023.png]
[www.yoodo.com.my/wp-content/uploads/2023/11/yoodo_awards_marketing-excellence-2023.png]
[www.yoodo.com.my/wp-content/uploads/2023/11/yoodo_awards_dragons-of-malaysia-2023.png]
[www.yoodo.com.my/wp-content/uploads/2023/11/yoodo_awards_dragons-of-malaysia-2023-black.png]
[www.yoodo.com.my/wp-content/uploads/2023/05/yoodo_awards_markies-award.png]
[www.yoodo.com.my/wp-content/uploads/2023/05/New-Project.png]
[www.yoodo.com.my/wp-content/uploads/2023/05/yoodo_awards_putra-aria-awards.png]
[www.yoodo.com.my/wp-content/uploads/2023/05/New-Project-2.png]
[www.yoodo.com.my/wp-content/uploads/2022/02/yoodo-aboutus-award_markies-2021.png]
[www.yoodo.com.my/wp-content/uploads/2022/02/yoodo-aboutus-award_dragons-of-malaysia-2021.png]
[www.yoodo.com.my/wp-content/uploads/2022/02/yoodo-aboutus-award_pc-com-2021.png]
[www.yoodo.com.my/wp-content/uploads/2022/02/yoodo-aboutus-award_marketing-excellence-2021.png]
[www.yoodo.com.my/wp-content/uploads/2022/02/yoodo-aboutus-award_pr-awards-2021.png]
[www.yoodo.com.my/wp-content/uploads/2022/02/yoodo-aboutus-award_marketing-excellence-2020.png]
[www.yoodo.com.my/wp-content/uploads/2022/02/yoodo-aboutus-award_pc-com-2020.png]
[www.yoodo.com.my/wp-content/uploads/2022/02/yoodo-aboutus-award_markies-2020.png]
[www.yoodo.com.my/wp-content/uploads/2022/02/yoodo-aboutus-award_marketing-excellence-2019.png]
[www.yoodo.com.my/wp-content/uploads/2022/02/yoodo-aboutus-award_pr-awards-2019.png]
[www.yoodo.com.my/about-us/index.html]
[www.yoodo.com.my/wp-json/wp/v2/pages/24582]
[www.yoodo.com.my/contact-us/amp/index.html]
[www.yoodo.com.my/wp-content/uploads/2022/08/yoodo-contactus-web_livechat-300x291.png]
[www.yoodo.com.my/wp-content/uploads/2022/08/yoodo-contactus-web_submitticket-300x290.png]
[www.yoodo.com.my/contact-us/index.html]
[www.yoodo.com.my/wp-json/wp/v2/pages/97]
[www.yoodo.com.my/wp-content/uploads/2019/07/careers-bannerab4c.png]
[www.yoodo.com.my/careers/amp/index.html]
[www.yoodo.com.my/wp-content/uploads/2019/07/we-behave-like-a-startup.jpg]
[www.yoodo.com.my/wp-content/uploads/2019/07/we-fuel-creativity.jpg]
[www.yoodo.com.my/wp-content/uploads/2019/07/we-want-you-to-shine.jpg]
[www.yoodo.com.my/careers/index.html]
[www.yoodo.com.my/wp-content/themes/yoodo/assets/img/svg/facebook-icon.svg]
[www.yoodo.com.my/wp-content/themes/yoodo/assets/img/svg/instagram-icon.svg]
[www.yoodo.com.my/wp-content/themes/yoodo/assets/img/svg/twitter-icon.svg]
[www.yoodo.com.my/wp-content/themes/yoodo/assets/img/svg/youtube-icon.svg]
[www.yoodo.com.my/wp-content/themes/yoodo/assets/img/svg/tiktok-icon.svg]
[www.yoodo.com.my/wp-content/themes/yoodo/assets/img/svg/ticket-red.svg]
[www.yoodo.com.my/wp-content/themes/yoodo/assets/img/svg/ticket.svg]
[www.yoodo.com.my/networkupdates/index.html]
[www.yoodo.com.my/wp-content/themes/yoodo/assets/img/svg/network-red.svg]
[www.yoodo.com.my/wp-content/themes/yoodo/assets/img/svg/network.svg]
[www.yoodo.com.my/wp-json/wp/v2/pages/33290]
[www.yoodo.com.my/terms-and-conditions/index.html]
[www.yoodo.com.my/terms-and-conditions/amp/index.html]
[www.yoodo.com.my/wp-json/wp/v2/pages/32252]
[www.yoodo.com.my/privacy-policy/index.html]
[www.yoodo.com.my/terms-and-conditions/index99dc.html]
[www.yoodo.com.my/indexd70d.html]
[www.yoodo.com.my/wp-content/themes/yoodo/assets/css/owl.video.play.html]
[www.yoodo.com.my/wp-content/themes/yoodo/assets/fonts/icon-yoodo-mpd821.svg]
[www.yoodo.com.my/wp-content/themes/yoodo/assets/img/svg/banner-curve.svg]
[www.yoodo.com.my/wp-content/themes/yoodo/assets/img/svg/banner-curve-red.svg]
[www.yoodo.com.my/wp-content/themes/yoodo/assets/img/svg/identipluse-1.svg]
[www.yoodo.com.my/wp-content/themes/yoodo/assets/img/svg/identipluse-2.svg]
[www.yoodo.com.my/wp-content/themes/yoodo/assets/img/svg/identipluse-3.svg]
[www.yoodo.com.my/wp-content/themes/yoodo/assets/img/svg/identipluse-4.svg]
[www.yoodo.com.my/wp-content/themes/yoodo/assets/img/svg/curve-top-red-1.svg]
[www.yoodo.com.my/wp-content/themes/yoodo/assets/img/svg/curve-bottom-red-1.svg]
[www.yoodo.com.my/wp-content/themes/yoodo/assets/img/svg/curve-top-red-2.svg]
[www.yoodo.com.my/wp-content/themes/yoodo/assets/img/svg/curve-bottom-red-2.svg]
[www.yoodo.com.my/wp-content/themes/yoodo/assets/img/svg/curve-top-red-4.svg]
[www.yoodo.com.my/wp-content/themes/yoodo/assets/img/svg/curve-bottom-red-4.svg]
[www.yoodo.com.my/wp-content/themes/yoodo/assets/img/svg/curve-red-5.svg]
[www.yoodo.com.my/wp-content/themes/yoodo/assets/img/svg/curve-bottom-red-5.svg]
[www.yoodo.com.my/wp-content/themes/yoodo/assets/img/svg/curve-gray-1.svg]
[www.yoodo.com.my/wp-content/themes/yoodo/assets/img/svg/curve-gray-2.svg]
[www.yoodo.com.my/wp-content/themes/yoodo/assets/img/svg/curve-gray-3.svg]
[www.yoodo.com.my/wp-content/themes/yoodo/assets/img/svg/curve-gray-4.svg]
[www.yoodo.com.my/wp-content/themes/yoodo/assets/img/svg/curve-gray-5.svg]
[www.yoodo.com.my/wp-content/themes/yoodo/assets/img/svg/curve-top-red-rates.svg]
[www.yoodo.com.my/wp-content/themes/yoodo/assets/img/svg/curve-bottom-red-rates.svg]
[www.yoodo.com.my/wp-content/themes/yoodo/assets/img/svg/curve-bottom-yellow-4.svg]
[www.yoodo.com.my/wp-content/plugins/js_composer/assets/fonts/vc_icons_v3/fonts/vcpb-plugin-icons726d.svg]
[www.yoodo.com.my/wp-content/plugins/js_composer/assets/vc/blur.svg]
[www.yoodo.com.my/wp-content/plugins/js_composer/assets/fonts/vc_grid/vc_grid_v157a1.svg]
[www.yoodo.com.my/category/index.html]
[www.yoodo.com.my/deals/index.html]
[www.yoodo.com.my/privacy-policy/amp/index.html]
[www.yoodo.com.my/wp-json/wp/v2/blog/16650]
[www.yoodo.com.my/blog/tell-us-how-you-celebrate-deepavali-and-well-tell-you-which-festive-must-have-you-are/amp/index.html]
[www.yoodo.com.my/wp-content/uploads/2021/11/oct21-header2.jpg]
[www.yoodo.com.my/blog/tell-us-how-you-celebrate-deepavali-and-well-tell-you-which-festive-must-have-you-are/index99dc.html]
[www.yoodo.com.my/wp-content/uploads/2021/11/nov1.gif]
[www.yoodo.com.my/wp-content/uploads/2021/11/nov2.gif]
[www.yoodo.com.my/wp-content/uploads/2021/11/nov3.gif]
[www.yoodo.com.my/blog/tell-us-how-you-celebrate-deepavali-and-well-tell-you-which-festive-must-have-you-are/index.html]
[www.yoodo.com.my/index332e.html]
[www.yoodo.com.my/index0aaa.html]
[www.yoodo.com.my/amp/index99dc.html]
[www.yoodo.com.my/wp-includes/css/dist/block-library/style.mine35d.css]
[www.yoodo.com.my/wp-content/plugins/sitepress-multilingual-cms/dist/css/blocks/styles0c4b.css]
[www.yoodo.com.my/wp-content/plugins/contact-form-7/includes/css/stylesf658.css]
[www.yoodo.com.my/wp-content/plugins/js_composer/assets/css/js_composer.min4d6f.css]
[www.yoodo.com.my/wp-content/plugins/a3-lazy-load/assets/css/jquery.lazyloadxt.fadeine35d.css]
[www.yoodo.com.my/wp-content/uploads/sass/a3_lazy_load.min06e7.css]
[www.yoodo.com.my/wp-json/wp/v2/pages/32222.html]
[www.yoodo.com.my/wp-json/oembed/1.0/embedcb9d.html]
[www.yoodo.com.my/wp-json/oembed/1.0/embedc013.html]
[www.yoodo.com.my/indexd2b6.html]
[www.yoodo.com.my/wp-json/wp/v2/pages/11045]
[www.yoodo.com.my/blog/amp/index99dc.html]
[www.yoodo.com.my/wp-json/oembed/1.0/embede876]
[www.yoodo.com.my/wp-json/oembed/1.0/embeda78a]
[www.yoodo.com.my/wp-content/uploads/2022/04/apr22-header2-1024x659.jpg]
[www.yoodo.com.my/blog/what-is-5g-why-getting-it-is-a-must/index99dc.html]
[www.yoodo.com.my/blog/4-reasons-to-switch-to-yoodos-unlimited-plan/index99dc.html]
[www.yoodo.com.my/blog/we-asked-an-ai-chatbot-why-malaysians-love-yoodo-heres-the-result/index99dc.html]
[www.yoodo.com.my/blog/say-wassup-to-whatsapps-upcoming-ui-makeover/index99dc.html]
[www.yoodo.com.my/blog/index99dc.html]
[www.yoodo.com.my/blog/why-switch-to-yoodo-if-saving-money-is-your-2023-resolution/index99dc.html]
[www.yoodo.com.my/blog/yoodo-giving-away-free-80gb-angpow-thats-so-melampow/index99dc.html]
[www.yoodo.com.my/blog/heres-why-you-should-experience-5g-with-yoodo/index99dc.html]
[www.yoodo.com.my/blog/wifi-or-hotspot-which-ones-better-for-you/index99dc.html]
[www.yoodo.com.my/hc/change_language/en-us7bdb.html]
[www.yoodo.com.my/blog/yoodos-top-5-best-selling-plans-and-why/index99dc.html]
[www.yoodo.com.my/blog/5-reasons-why-malaysians-love-yoodo/index99dc.html]
[www.yoodo.com.my/blog/how-to-avoid-expensive-roaming-charges/index99dc.html]
[www.yoodo.com.my/blog/best-telco-plan-for-your-kids-and-why/index99dc.html]
[www.yoodo.com.my/wp-json/wp/v2/pages/30953.210.delayed]
[www.yoodo.com.my/blog/5-reasons-why-esim-is-better-than-physical-sims/index99dc.html]
[www.yoodo.com.my/blog/jet-set-go-yoodo-jalan-jalan-malaysia-feat-rakita/index99dc.html]
[www.yoodo.com.my/blog/save-up-to-rm500-a-year-on-your-telco-plan/index99dc.html]
[www.yoodo.com.my/blog/guess-who-gatecrashed-the-yoodos-screen-premiere-of-malaysias-she-was-pretty/index99dc.html]
[www.yoodo.com.my/wp-json/oembed/1.0/embed6474]
[www.yoodo.com.my/blog/we-asked-our-fans-to-come-beraya-this-is-what-happened/index99dc.html]
[www.yoodo.com.my/blog/fun-facts-about-our-sea-games-2021-contingent/index99dc.html]
[www.yoodo.com.my/blog/no-3-will-traumatise-you-mobile-gaming-moments-weve-all-experienced/index99dc.html]
[www.yoodo.com.my/blog/returning-to-the-office-avoid-awkwardness-with-these-tips/index99dc.html]
[www.yoodo.com.my/wp-json/oembed/1.0/embed6da5]
[www.yoodo.com.my/blog/we-ranked-these-local-ghosts-as-raya-guests-forno-special-reason/index99dc.html]
[www.yoodo.com.my/blog/if-you-havent-felt-this-way-before-you-havent-really-played-mlbb/index99dc.html]
[www.yoodo.com.my/blog/8-reasons-to-check-out-our-new-app/index99dc.html]
[www.yoodo.com.my/blog/the-ramadan-bazaars-we-all-gotta-revisit-in-2022/index99dc.html]
[www.yoodo.com.my/blog/heres-how-you-celebrate-cnybut-different/index99dc.html]
[www.yoodo.com.my/blog/find-out-what-luck-2022-will-bring-you-with-this-quiz-from-yoodo/index99dc.html]
[www.yoodo.com.my/blog/heres-how-to-shop-smart-for-clothes-online/index99dc.html]
[www.yoodo.com.my/blog/know-your-gamers-welcome-yoodo-rsg/index99dc.html]
[www.yoodo.com.my/rates/index99dc.html]
[www.yoodo.com.my/blog/5-kl-art-events-you-die-die-must-catch/index99dc.html]
[www.yoodo.com.my/blog/we-asked-our-fans-to-create-an-unlimited-menu-now-its-time-to-dine/index99dc.html]
[www.yoodo.com.my/blog/ade-ape-dengan-5g/index99dc.html]
[www.yoodo.com.my/blog/local-tiktoks-that-made-admin-go-lol/index99dc.html]
[www.yoodo.com.my/blog/admin-cried-last-september-because-of-what-these-yoodo-fans-said/index99dc.html]
[www.yoodo.com.my/blog/how-far-can-rm10-go-in-2021/index99dc.html]
[www.yoodo.com.my/blog/6-ways-to-celebrate-merdeka-at-home/index99dc.html]
[www.yoodo.com.my/blog/working-out-tik-tok-style/index99dc.html]
[www.yoodo.com.my/wp-json/wp/v2/pages/34475.215.delayed]
[www.yoodo.com.my/blog/6-ways-to-stay-on-trend-at-home/index99dc.html]
[www.yoodo.com.my/blog/10-things-that-should-make-a-comeback-in-malaysia/index99dc.html]
[www.yoodo.com.my/blog/dont-know-anything-about-euro-2020-read-this/index99dc.html]
[www.yoodo.com.my/blog/traditional-malaysian-kuih-you-might-not-have-heard-of-yet/index99dc.html]
[www.yoodo.com.my/wp-json/oembed/1.0/embedc933]
[www.yoodo.com.my/wp-json/oembed/1.0/embed939a]
[www.yoodo.com.my/blog/which-ramadan-bazaar-classic-are-you/index99dc.html]
[www.yoodo.com.my/blog/8-great-malaysian-pairs/index99dc.html]
[www.yoodo.com.my/blog/11-nego-tips-to-get-whatyoowant/index99dc.html]
[www.yoodo.com.my/blog/8-malaysian-women-doing-it-better/index99dc.html]
[www.yoodo.com.my/wp-content/uploads/2024/01/5G-Banner_Mobile-bme603.png]
[www.yoodo.com.my/blog/top-5-things-we-all-did-better-together/index99dc.html]
[www.yoodo.com.my/blog/types-of-wfh-personalities/index99dc.html]
[www.yoodo.com.my/blog/quiz-how-dependent-on-your-phone-are-you/index99dc.html]
[www.yoodo.com.my/blog/what-do-you-know-about-valentines-day/index99dc.html]
[www.yoodo.com.my/blog/your-superhero-identity-based-on-social-media/index99dc.html]
[www.yoodo.com.my/blog/deepavali-snacks-101/index99dc.html]
[www.yoodo.com.my/blog/unusual-pairings-that-go-well-together/index99dc.html]
[www.yoodo.com.my/blog/games-to-give-you-malaysiapride/index99dc.html]
[www.yoodo.com.my/wp-content/uploads/2023/01/yoodo_5G_Launch-Microsite-Visuals_FABM-07.png]
[www.yoodo.com.my/blog/things-to-give-you-malaysiafeelings/index99dc.html]
[www.yoodo.com.my/blog/12-new-k-pop-things-to-layan/index99dc.html]
[www.yoodo.com.my/blog/yoodo-geek-fam/index99dc.html]
[www.yoodo.com.my/blog/state-specialties-who-does-it-better/index99dc.html]
[www.yoodo.com.my/wp-content/uploads/2024/01/MobileMa_1.png]
[www.yoodo.com.my/blog/how-to-become-the-next-yoodo-quiz-night-champ/index99dc.html]
[www.yoodo.com.my/blog/8-podcasts-you-gotta-binge/index99dc.html]
[www.yoodo.com.my/blog/wfh-expectation-vs-reality/index99dc.html]
[www.yoodo.com.my/blog/customizing-your-raya-celebrations/index99dc.html]
[www.yoodo.com.my/wp-content/uploads/2024/01/MobileMa_2.png]
[www.yoodo.com.my/blog/10-benda-power-yang-boleh-dilakukan-dalam-1-jam-dengan-100gb/index99dc.html]
[www.yoodo.com.my/blog/6-things-to-keep-yourself-busy-during-the-movement-control-order/index99dc.html]
[www.yoodo.com.my/blog/renew-anytime-101/index99dc.html]
[www.yoodo.com.my/wp-content/uploads/2024/01/MobileMa_3.png]
[www.yoodo.com.my/blog/6-things-you-can-jump-into-on-leap-day/index99dc.html]
[www.yoodo.com.my/blog/your-yoodo-horoscope-for-2020/index99dc.html]
[www.yoodo.com.my/5g/index99dc.html]
[www.yoodo.com.my/blog/6-very-malaysian-ways-to-celebrate-valentines/index99dc.html]
[www.yoodo.com.my/blog/fast-and-friendly-christmas-gifts/index99dc.html]
[www.yoodo.com.my/blog/yoodos-new-year-resolution-guide/index99dc.html]
[www.yoodo.com.my/blog/extra-ang-pao-gathering-tips/index99dc.html]
[www.yoodo.com.my/blog/top-travel-must-packs/index99dc.html]
[www.yoodo.com.my/wp-json/wp/v2/pages/11288.21f.delayed]
[www.yoodo.com.my/blog/siapa-yang-perlukan-esim/index99dc.html]
[www.yoodo.com.my/blog/10-budgeting-tips-to-prep-for-2020/index99dc.html]
[www.yoodo.com.my/blog/things-that-give-you-thatdeepavalifeeling/index99dc.html]
[www.yoodo.com.my/blog/im-too-for-esports/index99dc.html]
[www.yoodo.com.my/wp-json/oembed/1.0/embed.22029b2.delayed]
[www.yoodo.com.my/blog/top-10-netflix-hacks/index99dc.html]
[www.yoodo.com.my/blog/6-streamable-made-in-malaysia-hits/index99dc.html]
[www.yoodo.com.my/blog/what-is-esports/index99dc.html]
[www.yoodo.com.my/wp-json/oembed/1.0/embede363]
[www.yoodo.com.my/blog/8-destinasi-pelancongan-yang-tak-dikenali-tetapi-menarik-untuk-diteroka/index99dc.html]
[www.yoodo.com.my/wp-content/uploads/2022/09/yoodo-unlimited-revamp_stepbystep-bm.png]
[www.yoodo.com.my/blog/malaysia-boleh-6-ciptaan-menakjubkan-oleh-rakyat-malaysia/index99dc.html]
[www.yoodo.com.my/blog/hack-media-sosial-untuk-rakyat-malaysia/index99dc.html]
[www.yoodo.com.my/blog/rancangan-netflix-untuk-semua-jenis-mood-korangn/index99dc.html]
[www.yoodo.com.my/wp-content/uploads/2022/09/yoodo-unlimited-revamp_stepbystep-mobilebm.png]
[www.yoodo.com.my/blog/8-tip-mengemas-barang-dengan-bijak-untuk-pelancong/index99dc.html]
[www.yoodo.com.my/blog/10-perkara-yang-patut-korang-seronok-mengenai-ramadan/index99dc.html]
[www.yoodo.com.my/blog/semua-benda-yang-korang-nak-tahu-pasal-ramadan-tapi-segan-nak-tanya/index99dc.html]
[www.yoodo.com.my/unlimited/index99dc.html]
[www.yoodo.com.my/5g/amp/index99dc.html]
[www.yoodo.com.my/rates/amp/index99dc.html]
[www.yoodo.com.my/wp-json/wp/v2/pages/34533.226.delayed]
[www.yoodo.com.my/5g-term-and-condition/index99dc.html]
[www.yoodo.com.my/unlimited/amp/index99dc.html]
[www.yoodo.com.my/high-speed/amp/index99dc.html]
[www.yoodo.com.my/wp-json/oembed/1.0/embed.227766f.delayed]
[www.yoodo.com.my/wp-json/oembed/1.0/embed7e23]
[www.yoodo.com.my/wp-content/uploads/2024/01/highspeed__bm_B-355c8.png]
[www.yoodo.com.my/high-speed/index99dc.html]
[www.yoodo.com.my/5gbonusdata-terms-and-conditions/index99dc.html]
[www.yoodo.com.my/add-ons/amp/index99dc.html]
[www.yoodo.com.my/wp-json/wp/v2/pages/30985.22c.delayed]
[www.yoodo.com.my/wp-json/oembed/1.0/embed4baa]
[www.yoodo.com.my/wp-json/oembed/1.0/embed9187]
[www.yoodo.com.my/wp-content/uploads/2023/04/yoodo_202304-Webpage-Updates-Add-On-BM-08.png]
[www.yoodo.com.my/wp-content/uploads/2023/04/yoodo_202304-Webpage-Updates-Add-On-BM-09-5.png]
[www.yoodo.com.my/wp-content/uploads/2023/04/yoodo_202304-Webpage-Updates-Add-On-BM-11-2.png]
[www.yoodo.com.my/wp-content/uploads/2023/04/yoodo_202304-Webpage-Updates-Add-On-BM-12-2.png]
[www.yoodo.com.my/wp-content/uploads/2023/04/yoodo_202304-Webpage-Updates-Add-On-BM-13-2.png]
[www.yoodo.com.my/add-ons/index99dc.html]
[www.yoodo.com.my/wp-json/wp/v2/pages/30192]
[www.yoodo.com.my/wp-json/oembed/1.0/embed9b3c]
[www.yoodo.com.my/boosters/amp/index99dc.html]
[www.yoodo.com.my/wp-json/oembed/1.0/embed.2380fab.delayed]
[www.yoodo.com.my/wp-content/uploads/2022/11/yoodo_booster-page-web-v3_visual-1-bm-1.png]
[www.yoodo.com.my/boosters/index99dc.html]
[www.yoodo.com.my/wp-json/wp/v2/pages/1424]
[www.yoodo.com.my/roaming/amp/index99dc.html]
[www.yoodo.com.my/wp-json/oembed/1.0/embede78a]
[www.yoodo.com.my/wp-json/oembed/1.0/embed3b6c]
[www.yoodo.com.my/wp-content/uploads/2022/11/yoodo-roamlikehome-web-bmdesktop.png]
[www.yoodo.com.my/wp-content/uploads/2022/11/yoodo-roamlikehome-web-bmmobile.png]
[www.yoodo.com.my/wp-content/uploads/2022/08/yoodo-rlh_comparison-pocket-bm.png]
[www.yoodo.com.my/wp-content/uploads/2022/11/yoodo-rlh_comparison-travel-bm-1.png]
[www.yoodo.com.my/roaming/index99dc.html]
[www.yoodo.com.my/wp-json/wp/v2/pages/7577]
[www.yoodo.com.my/wp-json/oembed/1.0/embedddca]
[www.yoodo.com.my/power-pass/amp/index99dc.html]
[www.yoodo.com.my/wp-json/oembed/1.0/embed.24736c6.delayed]
[www.yoodo.com.my/wp-content/uploads/2022/08/yoodo-powerpass-revamp_1hour-bm.png]
[www.yoodo.com.my/wp-content/uploads/2023/08/yoodo-powerpass-revamp_3hour-bm.png]
[www.yoodo.com.my/wp-content/uploads/2023/08/yoodo-powerpass-revamp_12hour-bm.png]
[www.yoodo.com.my/power-pass/index99dc.html]
[www.yoodo.com.my/wp-json/wp/v2/pages/34571]
[www.yoodo.com.my/volte-vowifi/index99dc.html]
[www.yoodo.com.my/wp-json/oembed/1.0/embed2b13]
[www.yoodo.com.my/why-yoodo/amp/index99dc.html]
[www.yoodo.com.my/wp-json/oembed/1.0/embed0915]
[www.yoodo.com.my/wp-content/uploads/2024/01/image-13ab1.png]
[www.yoodo.com.my/wp-content/uploads/2024/01/5g-1.png]
[www.yoodo.com.my/why-yoodo/index99dc.html]
[www.yoodo.com.my/wp-json/wp/v2/pages/20345]
[www.yoodo.com.my/wp-json/oembed/1.0/embedc9fe]
[www.yoodo.com.my/points/amp/index99dc.html]
[www.yoodo.com.my/wp-json/oembed/1.0/embed2e5d]
[www.yoodo.com.my/wp-content/uploads/2022/06/yoodo_e-wallet-web_visual-bm-1.png]
[www.yoodo.com.my/wp-content/uploads/2022/06/yoodo_e-wallet-web-v2_visual-bm-01-1.png]
[www.yoodo.com.my/wp-content/uploads/2022/06/yoodo_e-wallet-web-v2_visual-bm-02-1.png]
[www.yoodo.com.my/points/index99dc.html]
[www.yoodo.com.my/wp-json/wp/v2/pages/29723]
[www.yoodo.com.my/wp-json/oembed/1.0/embedea18]
[www.yoodo.com.my/20for20/amp/index99dc.html]
[www.yoodo.com.my/wp-json/oembed/1.0/embed6ddd]
[www.yoodo.com.my/wp-content/uploads/2023/02/yoodo_20-for-20_web-export_visual-bm.png]
[www.yoodo.com.my/20for20/index99dc.html]
[www.yoodo.com.my/wp-json/wp/v2/pages/35517]
[www.yoodo.com.my/wp-json/oembed/1.0/embed4503]
[www.yoodo.com.my/rewards/amp/index99dc.html]
[www.yoodo.com.my/wp-json/oembed/1.0/embed648e]
[www.yoodo.com.my/wp-content/uploads/2023/11/Bagaimana-untuk-mendapatkan-gifs-BM.gif]
[www.yoodo.com.my/wp-content/uploads/2023/11/Ganjaran-Hari-Jadi-gifs-BM.gif]
[www.yoodo.com.my/rewards/index99dc.html]
[www.yoodo.com.my/hc/ms.html]
[www.yoodo.com.my/hc/ms/signin7ba0.html]
[www.yoodo.com.my/wp-json/wp/v2/pages/7410]
[www.yoodo.com.my/wp-json/oembed/1.0/embed490f]
[www.yoodo.com.my/wp-json/oembed/1.0/embed44ce]
[www.yoodo.com.my/whats-new/amp/index99dc.html]
[www.yoodo.com.my/wp-content/uploads/2023/11/Yoodo_2023Oct_5G-Pass_Web-Promo-banner_app-banner-copy-2-2.png]
[www.yoodo.com.my/wp-content/uploads/2023/02/yoodo_20-for-20_web-export_banner-app-bm.png]
[www.yoodo.com.my/wp-content/uploads/2023/02/yoodo_5G_Launch-Microsite-Visuals_FA_banner-app-bm.png]
[www.yoodo.com.my/whats-new/index99dc.html]
[www.yoodo.com.my/wp-json/wp/v2/blog/36548]
[www.yoodo.com.my/wp-json/oembed/1.0/embed5c7e]
[www.yoodo.com.my/blog/5-things-to-know-when-buying-a-pre-loved-smart-device/amp/index99dc.html]
[www.yoodo.com.my/wp-json/oembed/1.0/embedc5ca]
[www.yoodo.com.my/blog/5-things-to-know-when-buying-a-pre-loved-smart-device/index99dc.html]
[www.yoodo.com.my/wp-json/wp/v2/blog/36123]
[www.yoodo.com.my/compasia100/index99dc.html]
[www.yoodo.com.my/wp-json/oembed/1.0/embede0db]
[www.yoodo.com.my/blog/top-5-netflix-shows-you-must-watch-in-december-2023/amp/index99dc.html]
[www.yoodo.com.my/wp-json/oembed/1.0/embedda6a]
[www.yoodo.com.my/blog/top-5-netflix-shows-you-must-watch-in-december-2023/index99dc.html]
[www.yoodo.com.my/wp-json/wp/v2/blog/35504]
[www.yoodo.com.my/blog/the-top-5-netflix-shows-you-cant-miss-in-november-2023/amp/index99dc.html]
[www.yoodo.com.my/wp-json/oembed/1.0/embed0cd5]
[www.yoodo.com.my/wp-json/oembed/1.0/embed919e]
[www.yoodo.com.my/blog/the-top-5-netflix-shows-you-cant-miss-in-november-2023/index99dc.html]
[www.yoodo.com.my/wp-json/wp/v2/pages/39304]
[www.yoodo.com.my/important-news-bm/amp/index99dc.html]
[www.yoodo.com.my/wp-json/oembed/1.0/embedeee8]
[www.yoodo.com.my/wp-json/oembed/1.0/embedeb17]
[www.yoodo.com.my/wp-content/uploads/2024/04/Announcement-Page-Banner-Bm-scaled074f.webp]
[www.yoodo.com.my/important-news-bm/index99dc.html]
[www.yoodo.com.my/wp-json/wp/v2/pages/1851]
[www.yoodo.com.my/wp-json/oembed/1.0/embedb86a]
[www.yoodo.com.my/tentang-kami/amp/index99dc.html]
[www.yoodo.com.my/wp-json/oembed/1.0/embed5b65]
[www.yoodo.com.my/tentang-kami/index99dc.html]
[www.yoodo.com.my/wp-json/wp/v2/pages/24612]
[www.yoodo.com.my/wp-json/oembed/1.0/embed3579]
[www.yoodo.com.my/contact-us/amp/index99dc.html]
[www.yoodo.com.my/wp-json/oembed/1.0/embedfb74]
[www.yoodo.com.my/contact-us/index99dc.html]
[www.yoodo.com.my/wp-json/wp/v2/pages/1497]
[www.yoodo.com.my/wp-json/oembed/1.0/embeda29c]
[www.yoodo.com.my/careers/amp/index99dc.html]
[www.yoodo.com.my/wp-json/oembed/1.0/embed52ee]
[www.yoodo.com.my/careers/index99dc.html]
[www.yoodo.com.my/wp-json/wp/v2/pages/39627]
[www.yoodo.com.my/wp-json/oembed/1.0/embedd747]
[www.yoodo.com.my/wp-json/oembed/1.0/embedc1b0]
[www.yoodo.com.my/terma-dan-syarat/amp/index99dc.html]
[www.yoodo.com.my/terma-dan-syarat/index99dc.html]
[www.yoodo.com.my/wp-json/wp/v2/pages/32329]
[www.yoodo.com.my/wp-json/oembed/1.0/embed2770]
[www.yoodo.com.my/privacy-policy/amp/index99dc.html]
[www.yoodo.com.my/wp-json/oembed/1.0/embed7e40]
[www.yoodo.com.my/privacy-policy/index99dc.html]
[www.yoodo.com.my/index7f46.html]
[www.yoodo.com.my/blog/amp/index.html]
[www.yoodo.com.my/wp-json/wp/v2/pages/11043.html]
[www.yoodo.com.my/index312e.html]
[www.yoodo.com.my/blog/amp/page/2/index.html]
[www.yoodo.com.my/wp-json/wp/v2/blog/34968]
[www.yoodo.com.my/blog/what-is-5g-why-getting-it-is-a-must/amp/index.html]
[www.yoodo.com.my/wp-content/uploads/2023/11/8.png]
[www.yoodo.com.my/wp-content/uploads/2023/11/2.gif]
[www.yoodo.com.my/wp-content/uploads/2023/11/4.gif]
[www.yoodo.com.my/wp-content/uploads/2023/11/9.gif]
[www.yoodo.com.my/wp-content/uploads/2023/11/7.gif]
[www.yoodo.com.my/wp-content/uploads/2023/11/6.gif]
[www.yoodo.com.my/wp-content/uploads/2023/11/5.gif]
[www.yoodo.com.my/wp-content/uploads/2023/11/3.png]
[www.yoodo.com.my/blog/what-is-5g-why-getting-it-is-a-must/index.html]
[www.yoodo.com.my/wp-content/uploads/2023/11/1.png]
[www.yoodo.com.my/wp-json/wp/v2/blog/34396]
[www.yoodo.com.my/blog/say-wassup-to-whatsapps-upcoming-ui-makeover/amp/index.html]
[www.yoodo.com.my/wp-content/uploads/2023/10/4-jpg.webp]
[www.yoodo.com.my/wp-content/uploads/2023/10/3.gif]
[www.yoodo.com.my/wp-content/uploads/2023/10/8.png]
[www.yoodo.com.my/wp-content/uploads/2023/10/7-1-1024x576.webp]
[www.yoodo.com.my/wp-content/uploads/2023/10/6.gif]
[www.yoodo.com.my/wp-content/uploads/2023/10/5-1-1024x576.webp]
[www.yoodo.com.my/wp-content/uploads/2023/10/2-1.gif]
[www.yoodo.com.my/blog/say-wassup-to-whatsapps-upcoming-ui-makeover/index.html]
[www.yoodo.com.my/wp-content/uploads/2023/10/1.gif]
[www.yoodo.com.my/wp-json/wp/v2/blog/34359.2b4.delayed]
[www.yoodo.com.my/blog/lets-take-a-look-at-the-new-apple-iphone-15/amp/index.html]
[www.yoodo.com.my/wp-content/uploads/2023/10/9-jpg.webp]
[www.yoodo.com.my/wp-content/uploads/2023/10/7.gif]
[www.yoodo.com.my/wp-content/uploads/2023/10/41.png]
[www.yoodo.com.my/wp-content/uploads/2023/10/8.gif]
[www.yoodo.com.my/wp-content/uploads/2023/10/6-1024x576.webp]
[www.yoodo.com.my/wp-content/uploads/2023/10/5-1024x640.png]
[www.yoodo.com.my/wp-content/uploads/2023/10/3-1024x576.webp]
[www.yoodo.com.my/wp-content/uploads/2023/10/2.gif]
[www.yoodo.com.my/blog/lets-take-a-look-at-the-new-apple-iphone-15/index.html]
[www.yoodo.com.my/wp-content/uploads/2023/10/1-1024x682.webp]
[www.yoodo.com.my/wp-json/wp/v2/blog/33774]
[www.yoodo.com.my/blog/heres-why-extending-your-validity-with-yoodo-is-awesome/amp/index.html]
[www.yoodo.com.my/wp-content/uploads/2023/09/4-2-jpg.webp]
[www.yoodo.com.my/wp-content/uploads/2023/09/7-2.gif]
[www.yoodo.com.my/wp-content/uploads/2023/09/6-1.gif]
[www.yoodo.com.my/wp-content/uploads/2023/09/5.png]
[www.yoodo.com.my/wp-content/uploads/2023/09/3-2.png]
[www.yoodo.com.my/wp-content/uploads/2023/09/2-1.png]
[www.yoodo.com.my/wp-content/uploads/2023/09/1-1.png]
[www.yoodo.com.my/blog/heres-why-extending-your-validity-with-yoodo-is-awesome/index.html]
[www.yoodo.com.my/wp-json/wp/v2/blog/33749]
[www.yoodo.com.my/wp-content/uploads/2023/09/4-1-jpg.webp]
[www.yoodo.com.my/blog/warning-your-digital-footprint-might-be-too-public/amp/index.html]
[www.yoodo.com.my/validity/index4846.html]
[www.yoodo.com.my/wp-content/uploads/2023/09/7-2-684x1024.webp]
[www.yoodo.com.my/wp-content/uploads/2023/09/8-2.gif]
[www.yoodo.com.my/wp-content/uploads/2023/09/6.gif]
[www.yoodo.com.my/wp-content/uploads/2023/09/5-1.gif]
[www.yoodo.com.my/wp-content/uploads/2023/09/3.gif]
[www.yoodo.com.my/wp-content/uploads/2023/09/2.gif]
[www.yoodo.com.my/blog/warning-your-digital-footprint-might-be-too-public/index.html]
[www.yoodo.com.my/wp-json/wp/v2/blog/33516]
[www.yoodo.com.my/blog/omg-you-can-enjoy-free-84gb-in-a-year/amp/index.html]
[www.yoodo.com.my/wp-content/uploads/2023/09/8-1.gif]
[www.yoodo.com.my/wp-content/uploads/2023/09/7-1.gif]
